CRITICAL - 2025-09-27 04:47:37 --> Undefined array key "guest_name"
in APPPATH\Views\servicebook\view.php on line 983.
 1 APPPATH\Views\servicebook\view.php(983): CodeIgniter\Debug\Exceptions->errorHandler(2, 'Undefined array key "guest_name"', 'C:\\xampp\\htdocs\\advaya\\app\\Views\\servicebook\\view.php', 983)
 2 SYSTEMPATH\View\View.php(228): include('C:\\xampp\\htdocs\\advaya\\app\\Views\\servicebook\\view.php')
 3 SYSTEMPATH\View\View.php(231): CodeIgniter\View\View->CodeIgniter\View\{closure}()
 4 SYSTEMPATH\Common.php(1190): CodeIgniter\View\View->render('servicebook/view', [], true)
 5 APPPATH\Controllers\Servicebook.php(142): view('servicebook/view', [...])
 6 SYSTEMPATH\CodeIgniter.php(942): App\Controllers\Servicebook->view()
 7 SYSTEMPATH\CodeIgniter.php(502): CodeIgniter\CodeIgniter->runController(Object(App\Controllers\Servicebook))
 8 SYSTEMPATH\CodeIgniter.php(361): CodeIgniter\CodeIgniter->handleRequest(null, Object(Config\Cache), false)
 9 FCPATH\index.php(79): CodeIgniter\CodeIgniter->run()
CRITICAL - 2025-09-27 04:56:47 --> Undefined array key "room_no"
in APPPATH\Views\chargesrept\view.php on line 943.
 1 APPPATH\Views\chargesrept\view.php(943): CodeIgniter\Debug\Exceptions->errorHandler(2, 'Undefined array key "room_no"', 'C:\\xampp\\htdocs\\advaya\\app\\Views\\chargesrept\\view.php', 943)
 2 SYSTEMPATH\View\View.php(228): include('C:\\xampp\\htdocs\\advaya\\app\\Views\\chargesrept\\view.php')
 3 SYSTEMPATH\View\View.php(231): CodeIgniter\View\View->CodeIgniter\View\{closure}()
 4 SYSTEMPATH\Common.php(1190): CodeIgniter\View\View->render('chargesrept/view', [], true)
 5 APPPATH\Controllers\ChargesReport.php(116): view('chargesrept/view', [...])
 6 SYSTEMPATH\CodeIgniter.php(942): App\Controllers\ChargesReport->view()
 7 SYSTEMPATH\CodeIgniter.php(502): CodeIgniter\CodeIgniter->runController(Object(App\Controllers\ChargesReport))
 8 SYSTEMPATH\CodeIgniter.php(361): CodeIgniter\CodeIgniter->handleRequest(null, Object(Config\Cache), false)
 9 FCPATH\index.php(79): CodeIgniter\CodeIgniter->run()
CRITICAL - 2025-09-27 05:06:08 --> Undefined array key "first_name"
in APPPATH\Views\chargesrept\view.php on line 944.
 1 APPPATH\Views\chargesrept\view.php(944): CodeIgniter\Debug\Exceptions->errorHandler(2, 'Undefined array key "first_name"', 'C:\\xampp\\htdocs\\advaya\\app\\Views\\chargesrept\\view.php', 944)
 2 SYSTEMPATH\View\View.php(228): include('C:\\xampp\\htdocs\\advaya\\app\\Views\\chargesrept\\view.php')
 3 SYSTEMPATH\View\View.php(231): CodeIgniter\View\View->CodeIgniter\View\{closure}()
 4 SYSTEMPATH\Common.php(1190): CodeIgniter\View\View->render('chargesrept/view', [], true)
 5 APPPATH\Controllers\ChargesReport.php(116): view('chargesrept/view', [...])
 6 SYSTEMPATH\CodeIgniter.php(942): App\Controllers\ChargesReport->view()
 7 SYSTEMPATH\CodeIgniter.php(502): CodeIgniter\CodeIgniter->runController(Object(App\Controllers\ChargesReport))
 8 SYSTEMPATH\CodeIgniter.php(361): CodeIgniter\CodeIgniter->handleRequest(null, Object(Config\Cache), false)
 9 FCPATH\index.php(79): CodeIgniter\CodeIgniter->run()
ERROR - 2025-09-27 05:07:07 --> mysqli_sql_exception: Unknown column 'charge_info.total_paid' in 'field list' in C:\xampp\htdocs\advaya\system\Database\MySQLi\Connection.php:306
Stack trace:
#0 C:\xampp\htdocs\advaya\system\Database\MySQLi\Connection.php(306): mysqli->query('SELECT `charge_...', 0)
#1 C:\xampp\htdocs\advaya\system\Database\BaseConnection.php(693): CodeIgniter\Database\MySQLi\Connection->execute('SELECT `charge_...')
#2 C:\xampp\htdocs\advaya\system\Database\BaseConnection.php(607): CodeIgniter\Database\BaseConnection->simpleQuery('SELECT `charge_...')
#3 C:\xampp\htdocs\advaya\system\Database\BaseBuilder.php(1615): CodeIgniter\Database\BaseConnection->query('SELECT `charge_...', Array, false)
#4 C:\xampp\htdocs\advaya\system\Model.php(237): CodeIgniter\Database\BaseBuilder->get()
#5 C:\xampp\htdocs\advaya\system\BaseModel.php(624): CodeIgniter\Model->doFindAll(0, 0)
#6 C:\xampp\htdocs\advaya\app\Controllers\ChargesReport.php(114): CodeIgniter\BaseModel->findAll()
#7 C:\xampp\htdocs\advaya\system\CodeIgniter.php(942): App\Controllers\ChargesReport->view()
#8 C:\xampp\htdocs\advaya\system\CodeIgniter.php(502): CodeIgniter\CodeIgniter->runController(Object(App\Controllers\ChargesReport))
#9 C:\xampp\htdocs\advaya\system\CodeIgniter.php(361): CodeIgniter\CodeIgniter->handleRequest(NULL, Object(Config\Cache), false)
#10 C:\xampp\htdocs\advaya\index.php(79): CodeIgniter\CodeIgniter->run()
#11 {main}
CRITICAL - 2025-09-27 05:07:07 --> Unknown column 'charge_info.total_paid' in 'field list'
in SYSTEMPATH\Database\BaseConnection.php on line 647.
 1 SYSTEMPATH\Database\BaseBuilder.php(1615): CodeIgniter\Database\BaseConnection->query('SELECT `charge_info`.`room_no`, `charge_info`.`charge_monthyear`, `charge_info`.`total_paid`, `charge_info`.`created_on`, `guests_personal`.`first_name`, `guests_personal`.`last_name`
FROM `charge_info`
INNER JOIN `guests_personal` ON `guests_personal`.`guest_id` = `charge_info`.`guest_id`
WHERE `charge_info`.`deleted_on` IS NULL', [], false)
 2 SYSTEMPATH\Model.php(237): CodeIgniter\Database\BaseBuilder->get()
 3 SYSTEMPATH\BaseModel.php(624): CodeIgniter\Model->doFindAll(0, 0)
 4 APPPATH\Controllers\ChargesReport.php(114): CodeIgniter\BaseModel->findAll()
 5 SYSTEMPATH\CodeIgniter.php(942): App\Controllers\ChargesReport->view()
 6 SYSTEMPATH\CodeIgniter.php(502): CodeIgniter\CodeIgniter->runController(Object(App\Controllers\ChargesReport))
 7 SYSTEMPATH\CodeIgniter.php(361): CodeIgniter\CodeIgniter->handleRequest(null, Object(Config\Cache), false)
 8 FCPATH\index.php(79): CodeIgniter\CodeIgniter->run()
CRITICAL - 2025-09-27 05:07:27 --> Undefined array key "room_no"
in APPPATH\Views\chargesrept\view.php on line 943.
 1 APPPATH\Views\chargesrept\view.php(943): CodeIgniter\Debug\Exceptions->errorHandler(2, 'Undefined array key "room_no"', 'C:\\xampp\\htdocs\\advaya\\app\\Views\\chargesrept\\view.php', 943)
 2 SYSTEMPATH\View\View.php(228): include('C:\\xampp\\htdocs\\advaya\\app\\Views\\chargesrept\\view.php')
 3 SYSTEMPATH\View\View.php(231): CodeIgniter\View\View->CodeIgniter\View\{closure}()
 4 SYSTEMPATH\Common.php(1190): CodeIgniter\View\View->render('chargesrept/view', [], true)
 5 APPPATH\Controllers\ChargesReport.php(116): view('chargesrept/view', [...])
 6 SYSTEMPATH\CodeIgniter.php(942): App\Controllers\ChargesReport->view()
 7 SYSTEMPATH\CodeIgniter.php(502): CodeIgniter\CodeIgniter->runController(Object(App\Controllers\ChargesReport))
 8 SYSTEMPATH\CodeIgniter.php(361): CodeIgniter\CodeIgniter->handleRequest(null, Object(Config\Cache), false)
 9 FCPATH\index.php(79): CodeIgniter\CodeIgniter->run()
ERROR - 2025-09-27 05:07:56 --> mysqli_sql_exception: Unknown column 'charge_info.total_paid' in 'field list' in C:\xampp\htdocs\advaya\system\Database\MySQLi\Connection.php:306
Stack trace:
#0 C:\xampp\htdocs\advaya\system\Database\MySQLi\Connection.php(306): mysqli->query('SELECT `charge_...', 0)
#1 C:\xampp\htdocs\advaya\system\Database\BaseConnection.php(693): CodeIgniter\Database\MySQLi\Connection->execute('SELECT `charge_...')
#2 C:\xampp\htdocs\advaya\system\Database\BaseConnection.php(607): CodeIgniter\Database\BaseConnection->simpleQuery('SELECT `charge_...')
#3 C:\xampp\htdocs\advaya\system\Database\BaseBuilder.php(1615): CodeIgniter\Database\BaseConnection->query('SELECT `charge_...', Array, false)
#4 C:\xampp\htdocs\advaya\system\Model.php(237): CodeIgniter\Database\BaseBuilder->get()
#5 C:\xampp\htdocs\advaya\system\BaseModel.php(624): CodeIgniter\Model->doFindAll(0, 0)
#6 C:\xampp\htdocs\advaya\app\Controllers\ChargesReport.php(118): CodeIgniter\BaseModel->findAll()
#7 C:\xampp\htdocs\advaya\system\CodeIgniter.php(942): App\Controllers\ChargesReport->view()
#8 C:\xampp\htdocs\advaya\system\CodeIgniter.php(502): CodeIgniter\CodeIgniter->runController(Object(App\Controllers\ChargesReport))
#9 C:\xampp\htdocs\advaya\system\CodeIgniter.php(361): CodeIgniter\CodeIgniter->handleRequest(NULL, Object(Config\Cache), false)
#10 C:\xampp\htdocs\advaya\index.php(79): CodeIgniter\CodeIgniter->run()
#11 {main}
CRITICAL - 2025-09-27 05:07:56 --> Unknown column 'charge_info.total_paid' in 'field list'
in SYSTEMPATH\Database\BaseConnection.php on line 647.
 1 SYSTEMPATH\Database\BaseBuilder.php(1615): CodeIgniter\Database\BaseConnection->query('SELECT `charge_info`.`room_no`, `charge_info`.`charge_monthyear`, `charge_info`.`total_paid`, `charge_info`.`created_on`, `guests_personal`.`first_name`, `guests_personal`.`last_name`
FROM `charge_info`
INNER JOIN `guests_personal` ON `guests_personal`.`guest_id` = `charge_info`.`guest_id`
WHERE `charge_info`.`deleted_on` IS NULL', [], false)
 2 SYSTEMPATH\Model.php(237): CodeIgniter\Database\BaseBuilder->get()
 3 SYSTEMPATH\BaseModel.php(624): CodeIgniter\Model->doFindAll(0, 0)
 4 APPPATH\Controllers\ChargesReport.php(118): CodeIgniter\BaseModel->findAll()
 5 SYSTEMPATH\CodeIgniter.php(942): App\Controllers\ChargesReport->view()
 6 SYSTEMPATH\CodeIgniter.php(502): CodeIgniter\CodeIgniter->runController(Object(App\Controllers\ChargesReport))
 7 SYSTEMPATH\CodeIgniter.php(361): CodeIgniter\CodeIgniter->handleRequest(null, Object(Config\Cache), false)
 8 FCPATH\index.php(79): CodeIgniter\CodeIgniter->run()
CRITICAL - 2025-09-27 05:08:23 --> Undefined array key "room_no"
in APPPATH\Views\chargesrept\view.php on line 943.
 1 APPPATH\Views\chargesrept\view.php(943): CodeIgniter\Debug\Exceptions->errorHandler(2, 'Undefined array key "room_no"', 'C:\\xampp\\htdocs\\advaya\\app\\Views\\chargesrept\\view.php', 943)
 2 SYSTEMPATH\View\View.php(228): include('C:\\xampp\\htdocs\\advaya\\app\\Views\\chargesrept\\view.php')
 3 SYSTEMPATH\View\View.php(231): CodeIgniter\View\View->CodeIgniter\View\{closure}()
 4 SYSTEMPATH\Common.php(1190): CodeIgniter\View\View->render('chargesrept/view', [], true)
 5 APPPATH\Controllers\ChargesReport.php(116): view('chargesrept/view', [...])
 6 SYSTEMPATH\CodeIgniter.php(942): App\Controllers\ChargesReport->view()
 7 SYSTEMPATH\CodeIgniter.php(502): CodeIgniter\CodeIgniter->runController(Object(App\Controllers\ChargesReport))
 8 SYSTEMPATH\CodeIgniter.php(361): CodeIgniter\CodeIgniter->handleRequest(null, Object(Config\Cache), false)
 9 FCPATH\index.php(79): CodeIgniter\CodeIgniter->run()
CRITICAL - 2025-09-27 05:09:46 --> Undefined variable $charge
in APPPATH\Views\chargesrept\view.php on line 943.
 1 APPPATH\Views\chargesrept\view.php(943): CodeIgniter\Debug\Exceptions->errorHandler(2, 'Undefined variable $charge', 'C:\\xampp\\htdocs\\advaya\\app\\Views\\chargesrept\\view.php', 943)
 2 SYSTEMPATH\View\View.php(228): include('C:\\xampp\\htdocs\\advaya\\app\\Views\\chargesrept\\view.php')
 3 SYSTEMPATH\View\View.php(231): CodeIgniter\View\View->CodeIgniter\View\{closure}()
 4 SYSTEMPATH\Common.php(1190): CodeIgniter\View\View->render('chargesrept/view', [], true)
 5 APPPATH\Controllers\ChargesReport.php(116): view('chargesrept/view', [...])
 6 SYSTEMPATH\CodeIgniter.php(942): App\Controllers\ChargesReport->view()
 7 SYSTEMPATH\CodeIgniter.php(502): CodeIgniter\CodeIgniter->runController(Object(App\Controllers\ChargesReport))
 8 SYSTEMPATH\CodeIgniter.php(361): CodeIgniter\CodeIgniter->handleRequest(null, Object(Config\Cache), false)
 9 FCPATH\index.php(79): CodeIgniter\CodeIgniter->run()
CRITICAL - 2025-09-27 05:10:08 --> Undefined array key "room_no"
in APPPATH\Views\chargesrept\view.php on line 943.
 1 APPPATH\Views\chargesrept\view.php(943): CodeIgniter\Debug\Exceptions->errorHandler(2, 'Undefined array key "room_no"', 'C:\\xampp\\htdocs\\advaya\\app\\Views\\chargesrept\\view.php', 943)
 2 SYSTEMPATH\View\View.php(228): include('C:\\xampp\\htdocs\\advaya\\app\\Views\\chargesrept\\view.php')
 3 SYSTEMPATH\View\View.php(231): CodeIgniter\View\View->CodeIgniter\View\{closure}()
 4 SYSTEMPATH\Common.php(1190): CodeIgniter\View\View->render('chargesrept/view', [], true)
 5 APPPATH\Controllers\ChargesReport.php(116): view('chargesrept/view', [...])
 6 SYSTEMPATH\CodeIgniter.php(942): App\Controllers\ChargesReport->view()
 7 SYSTEMPATH\CodeIgniter.php(502): CodeIgniter\CodeIgniter->runController(Object(App\Controllers\ChargesReport))
 8 SYSTEMPATH\CodeIgniter.php(361): CodeIgniter\CodeIgniter->handleRequest(null, Object(Config\Cache), false)
 9 FCPATH\index.php(79): CodeIgniter\CodeIgniter->run()
CRITICAL - 2025-09-27 05:11:11 --> Undefined array key "room_no"
in APPPATH\Views\chargesrept\view.php on line 943.
 1 APPPATH\Views\chargesrept\view.php(943): CodeIgniter\Debug\Exceptions->errorHandler(2, 'Undefined array key "room_no"', 'C:\\xampp\\htdocs\\advaya\\app\\Views\\chargesrept\\view.php', 943)
 2 SYSTEMPATH\View\View.php(228): include('C:\\xampp\\htdocs\\advaya\\app\\Views\\chargesrept\\view.php')
 3 SYSTEMPATH\View\View.php(231): CodeIgniter\View\View->CodeIgniter\View\{closure}()
 4 SYSTEMPATH\Common.php(1190): CodeIgniter\View\View->render('chargesrept/view', [], true)
 5 APPPATH\Controllers\ChargesReport.php(116): view('chargesrept/view', [...])
 6 SYSTEMPATH\CodeIgniter.php(942): App\Controllers\ChargesReport->view()
 7 SYSTEMPATH\CodeIgniter.php(502): CodeIgniter\CodeIgniter->runController(Object(App\Controllers\ChargesReport))
 8 SYSTEMPATH\CodeIgniter.php(361): CodeIgniter\CodeIgniter->handleRequest(null, Object(Config\Cache), false)
 9 FCPATH\index.php(79): CodeIgniter\CodeIgniter->run()
CRITICAL - 2025-09-27 05:13:33 --> Undefined array key "room_no"
in APPPATH\Views\chargesrept\view.php on line 943.
 1 APPPATH\Views\chargesrept\view.php(943): CodeIgniter\Debug\Exceptions->errorHandler(2, 'Undefined array key "room_no"', 'C:\\xampp\\htdocs\\advaya\\app\\Views\\chargesrept\\view.php', 943)
 2 SYSTEMPATH\View\View.php(228): include('C:\\xampp\\htdocs\\advaya\\app\\Views\\chargesrept\\view.php')
 3 SYSTEMPATH\View\View.php(231): CodeIgniter\View\View->CodeIgniter\View\{closure}()
 4 SYSTEMPATH\Common.php(1190): CodeIgniter\View\View->render('chargesrept/view', [], true)
 5 APPPATH\Controllers\ChargesReport.php(116): view('chargesrept/view', [...])
 6 SYSTEMPATH\CodeIgniter.php(942): App\Controllers\ChargesReport->view()
 7 SYSTEMPATH\CodeIgniter.php(502): CodeIgniter\CodeIgniter->runController(Object(App\Controllers\ChargesReport))
 8 SYSTEMPATH\CodeIgniter.php(361): CodeIgniter\CodeIgniter->handleRequest(null, Object(Config\Cache), false)
 9 FCPATH\index.php(79): CodeIgniter\CodeIgniter->run()
CRITICAL - 2025-09-27 06:29:40 --> Undefined variable $booking
in APPPATH\Views\servicebook\view.php on line 998.
 1 APPPATH\Views\servicebook\view.php(998): CodeIgniter\Debug\Exceptions->errorHandler(2, 'Undefined variable $booking', 'C:\\xampp\\htdocs\\advaya\\app\\Views\\servicebook\\view.php', 998)
 2 SYSTEMPATH\View\View.php(228): include('C:\\xampp\\htdocs\\advaya\\app\\Views\\servicebook\\view.php')
 3 SYSTEMPATH\View\View.php(231): CodeIgniter\View\View->CodeIgniter\View\{closure}()
 4 SYSTEMPATH\Common.php(1190): CodeIgniter\View\View->render('servicebook/view', [], true)
 5 APPPATH\Controllers\Servicebook.php(142): view('servicebook/view', [...])
 6 SYSTEMPATH\CodeIgniter.php(942): App\Controllers\Servicebook->view()
 7 SYSTEMPATH\CodeIgniter.php(502): CodeIgniter\CodeIgniter->runController(Object(App\Controllers\Servicebook))
 8 SYSTEMPATH\CodeIgniter.php(361): CodeIgniter\CodeIgniter->handleRequest(null, Object(Config\Cache), false)
 9 FCPATH\index.php(79): CodeIgniter\CodeIgniter->run()
