<<<<<<< HEAD
CRITICAL - 2025-09-29 06:56:11 --> Undefined variable $rooms
in APPPATH\Views\roomblocked\view.php on line 991.
 1 APPPATH\Views\roomblocked\view.php(991): CodeIgniter\Debug\Exceptions->errorHandler(2, 'Undefined variable $rooms', 'C:\\xampp\\htdocs\\advaya\\elderscare\\app\\Views\\roomblocked\\view.php', 991)
 2 SYSTEMPATH\View\View.php(228): include('C:\\xampp\\htdocs\\advaya\\elderscare\\app\\Views\\roomblocked\\view.php')
 3 SYSTEMPATH\View\View.php(231): CodeIgniter\View\View->CodeIgniter\View\{closure}()
 4 SYSTEMPATH\Common.php(1190): CodeIgniter\View\View->render('roomblocked/view', [], true)
 5 APPPATH\Controllers\RoomBlocked.php(77): view('roomblocked/view')
 6 SYSTEMPATH\CodeIgniter.php(942): App\Controllers\RoomBlocked->view()
 7 SYSTEMPATH\CodeIgniter.php(502): CodeIgniter\CodeIgniter->runController(Object(App\Controllers\RoomBlocked))
 8 SYSTEMPATH\CodeIgniter.php(361): CodeIgniter\CodeIgniter->handleRequest(null, Object(Config\Cache), false)
 9 FCPATH\index.php(79): CodeIgniter\CodeIgniter->run()
ERROR - 2025-09-29 13:10:41 --> mysqli_sql_exception: Cannot add or update a child row: a foreign key constraint fails (`elders_care`.`room_blocked`, CONSTRAINT `fk_room_blocked_room` FOREIGN KEY (`room_id`) REFERENCES `rooms` (`room_id`) ON DELETE CASCADE ON UPDATE CASCADE) in C:\xampp\htdocs\advaya\elderscare\system\Database\MySQLi\Connection.php:306
Stack trace:
#0 C:\xampp\htdocs\advaya\elderscare\system\Database\MySQLi\Connection.php(306): mysqli->query('INSERT INTO `ro...', 0)
#1 C:\xampp\htdocs\advaya\elderscare\system\Database\BaseConnection.php(693): CodeIgniter\Database\MySQLi\Connection->execute('INSERT INTO `ro...')
#2 C:\xampp\htdocs\advaya\elderscare\system\Database\BaseConnection.php(607): CodeIgniter\Database\BaseConnection->simpleQuery('INSERT INTO `ro...')
#3 C:\xampp\htdocs\advaya\elderscare\system\Database\BaseBuilder.php(2308): CodeIgniter\Database\BaseConnection->query('INSERT INTO `ro...', Array, false)
#4 C:\xampp\htdocs\advaya\elderscare\system\Model.php(319): CodeIgniter\Database\BaseBuilder->insert()
#5 C:\xampp\htdocs\advaya\elderscare\system\BaseModel.php(788): CodeIgniter\Model->doInsert(Array)
#6 C:\xampp\htdocs\advaya\elderscare\system\Model.php(715): CodeIgniter\BaseModel->insert(Array, false)
#7 C:\xampp\htdocs\advaya\elderscare\system\BaseModel.php(698): CodeIgniter\Model->insert(Array, false)
#8 C:\xampp\htdocs\advaya\elderscare\app\Controllers\RoomBlocked.php(48): CodeIgniter\BaseModel->save(Array)
#9 C:\xampp\htdocs\advaya\elderscare\system\CodeIgniter.php(942): App\Controllers\RoomBlocked->add()
#10 C:\xampp\htdocs\advaya\elderscare\system\CodeIgniter.php(502): CodeIgniter\CodeIgniter->runController(Object(App\Controllers\RoomBlocked))
#11 C:\xampp\htdocs\advaya\elderscare\system\CodeIgniter.php(361): CodeIgniter\CodeIgniter->handleRequest(NULL, Object(Config\Cache), false)
#12 C:\xampp\htdocs\advaya\elderscare\index.php(79): CodeIgniter\CodeIgniter->run()
#13 {main}
CRITICAL - 2025-09-29 13:10:41 --> Cannot add or update a child row: a foreign key constraint fails (`elders_care`.`room_blocked`, CONSTRAINT `fk_room_blocked_room` FOREIGN KEY (`room_id`) REFERENCES `rooms` (`room_id`) ON DELETE CASCADE ON UPDATE CASCADE)
in SYSTEMPATH\Database\BaseConnection.php on line 647.
 1 SYSTEMPATH\Database\BaseBuilder.php(2308): CodeIgniter\Database\BaseConnection->query('INSERT INTO `room_blocked` (`room_no`, `room_status`, `reason`, `status`, `start_date`, `end_date`, `created_on`, `updated_on`) VALUES (:room_no:, :room_status:, :reason:, :status:, :start_date:, :end_date:, :created_on:, :updated_on:)', [...], false)
 2 SYSTEMPATH\Model.php(319): CodeIgniter\Database\BaseBuilder->insert()
 3 SYSTEMPATH\BaseModel.php(788): CodeIgniter\Model->doInsert([...])
 4 SYSTEMPATH\Model.php(715): CodeIgniter\BaseModel->insert([...], false)
 5 SYSTEMPATH\BaseModel.php(698): CodeIgniter\Model->insert([...], false)
 6 APPPATH\Controllers\RoomBlocked.php(48): CodeIgniter\BaseModel->save([...])
 7 SYSTEMPATH\CodeIgniter.php(942): App\Controllers\RoomBlocked->add()
 8 SYSTEMPATH\CodeIgniter.php(502): CodeIgniter\CodeIgniter->runController(Object(App\Controllers\RoomBlocked))
 9 SYSTEMPATH\CodeIgniter.php(361): CodeIgniter\CodeIgniter->handleRequest(null, Object(Config\Cache), false)
10 FCPATH\index.php(79): CodeIgniter\CodeIgniter->run()
ERROR - 2025-09-29 13:14:05 --> mysqli_sql_exception: Cannot add or update a child row: a foreign key constraint fails (`elders_care`.`room_blocked`, CONSTRAINT `fk_room_blocked_room` FOREIGN KEY (`room_id`) REFERENCES `rooms` (`room_id`) ON DELETE CASCADE ON UPDATE CASCADE) in C:\xampp\htdocs\advaya\elderscare\system\Database\MySQLi\Connection.php:306
Stack trace:
#0 C:\xampp\htdocs\advaya\elderscare\system\Database\MySQLi\Connection.php(306): mysqli->query('INSERT INTO `ro...', 0)
#1 C:\xampp\htdocs\advaya\elderscare\system\Database\BaseConnection.php(693): CodeIgniter\Database\MySQLi\Connection->execute('INSERT INTO `ro...')
#2 C:\xampp\htdocs\advaya\elderscare\system\Database\BaseConnection.php(607): CodeIgniter\Database\BaseConnection->simpleQuery('INSERT INTO `ro...')
#3 C:\xampp\htdocs\advaya\elderscare\system\Database\BaseBuilder.php(2308): CodeIgniter\Database\BaseConnection->query('INSERT INTO `ro...', Array, false)
#4 C:\xampp\htdocs\advaya\elderscare\system\Model.php(319): CodeIgniter\Database\BaseBuilder->insert()
#5 C:\xampp\htdocs\advaya\elderscare\system\BaseModel.php(788): CodeIgniter\Model->doInsert(Array)
#6 C:\xampp\htdocs\advaya\elderscare\system\Model.php(715): CodeIgniter\BaseModel->insert(Array, false)
#7 C:\xampp\htdocs\advaya\elderscare\system\BaseModel.php(698): CodeIgniter\Model->insert(Array, false)
#8 C:\xampp\htdocs\advaya\elderscare\app\Controllers\RoomBlocked.php(48): CodeIgniter\BaseModel->save(Array)
#9 C:\xampp\htdocs\advaya\elderscare\system\CodeIgniter.php(942): App\Controllers\RoomBlocked->add()
#10 C:\xampp\htdocs\advaya\elderscare\system\CodeIgniter.php(502): CodeIgniter\CodeIgniter->runController(Object(App\Controllers\RoomBlocked))
#11 C:\xampp\htdocs\advaya\elderscare\system\CodeIgniter.php(361): CodeIgniter\CodeIgniter->handleRequest(NULL, Object(Config\Cache), false)
#12 C:\xampp\htdocs\advaya\elderscare\index.php(79): CodeIgniter\CodeIgniter->run()
#13 {main}
CRITICAL - 2025-09-29 13:14:05 --> Cannot add or update a child row: a foreign key constraint fails (`elders_care`.`room_blocked`, CONSTRAINT `fk_room_blocked_room` FOREIGN KEY (`room_id`) REFERENCES `rooms` (`room_id`) ON DELETE CASCADE ON UPDATE CASCADE)
in SYSTEMPATH\Database\BaseConnection.php on line 647.
 1 SYSTEMPATH\Database\BaseBuilder.php(2308): CodeIgniter\Database\BaseConnection->query('INSERT INTO `room_blocked` (`room_no`, `room_status`, `reason`, `status`, `start_date`, `end_date`, `created_on`, `updated_on`) VALUES (:room_no:, :room_status:, :reason:, :status:, :start_date:, :end_date:, :created_on:, :updated_on:)', [...], false)
 2 SYSTEMPATH\Model.php(319): CodeIgniter\Database\BaseBuilder->insert()
 3 SYSTEMPATH\BaseModel.php(788): CodeIgniter\Model->doInsert([...])
 4 SYSTEMPATH\Model.php(715): CodeIgniter\BaseModel->insert([...], false)
 5 SYSTEMPATH\BaseModel.php(698): CodeIgniter\Model->insert([...], false)
 6 APPPATH\Controllers\RoomBlocked.php(48): CodeIgniter\BaseModel->save([...])
 7 SYSTEMPATH\CodeIgniter.php(942): App\Controllers\RoomBlocked->add()
 8 SYSTEMPATH\CodeIgniter.php(502): CodeIgniter\CodeIgniter->runController(Object(App\Controllers\RoomBlocked))
 9 SYSTEMPATH\CodeIgniter.php(361): CodeIgniter\CodeIgniter->handleRequest(null, Object(Config\Cache), false)
10 FCPATH\index.php(79): CodeIgniter\CodeIgniter->run()
CRITICAL - 2025-09-29 07:46:29 --> Undefined array key "room_type"
in APPPATH\Views\roomblocked\view.php on line 1008.
 1 APPPATH\Views\roomblocked\view.php(1008): CodeIgniter\Debug\Exceptions->errorHandler(2, 'Undefined array key "room_type"', 'C:\\xampp\\htdocs\\advaya\\elderscare\\app\\Views\\roomblocked\\view.php', 1008)
 2 SYSTEMPATH\View\View.php(228): include('C:\\xampp\\htdocs\\advaya\\elderscare\\app\\Views\\roomblocked\\view.php')
 3 SYSTEMPATH\View\View.php(231): CodeIgniter\View\View->CodeIgniter\View\{closure}()
 4 SYSTEMPATH\Common.php(1190): CodeIgniter\View\View->render('roomblocked/view', [], true)
 5 APPPATH\Controllers\RoomBlocked.php(77): view('roomblocked/view', [...])
 6 SYSTEMPATH\CodeIgniter.php(942): App\Controllers\RoomBlocked->view()
 7 SYSTEMPATH\CodeIgniter.php(502): CodeIgniter\CodeIgniter->runController(Object(App\Controllers\RoomBlocked))
 8 SYSTEMPATH\CodeIgniter.php(361): CodeIgniter\CodeIgniter->handleRequest(null, Object(Config\Cache), false)
 9 FCPATH\index.php(79): CodeIgniter\CodeIgniter->run()
CRITICAL - 2025-09-29 07:46:38 --> Undefined array key "room_type"
in APPPATH\Views\roomblocked\view.php on line 1008.
 1 APPPATH\Views\roomblocked\view.php(1008): CodeIgniter\Debug\Exceptions->errorHandler(2, 'Undefined array key "room_type"', 'C:\\xampp\\htdocs\\advaya\\elderscare\\app\\Views\\roomblocked\\view.php', 1008)
 2 SYSTEMPATH\View\View.php(228): include('C:\\xampp\\htdocs\\advaya\\elderscare\\app\\Views\\roomblocked\\view.php')
 3 SYSTEMPATH\View\View.php(231): CodeIgniter\View\View->CodeIgniter\View\{closure}()
 4 SYSTEMPATH\Common.php(1190): CodeIgniter\View\View->render('roomblocked/view', [], true)
 5 APPPATH\Controllers\RoomBlocked.php(77): view('roomblocked/view', [...])
 6 SYSTEMPATH\CodeIgniter.php(942): App\Controllers\RoomBlocked->view()
 7 SYSTEMPATH\CodeIgniter.php(502): CodeIgniter\CodeIgniter->runController(Object(App\Controllers\RoomBlocked))
 8 SYSTEMPATH\CodeIgniter.php(361): CodeIgniter\CodeIgniter->handleRequest(null, Object(Config\Cache), false)
 9 FCPATH\index.php(79): CodeIgniter\CodeIgniter->run()
CRITICAL - 2025-09-29 07:49:08 --> Undefined array key "room_type"
in APPPATH\Views\roomblocked\view.php on line 1012.
 1 APPPATH\Views\roomblocked\view.php(1012): CodeIgniter\Debug\Exceptions->errorHandler(2, 'Undefined array key "room_type"', 'C:\\xampp\\htdocs\\advaya\\elderscare\\app\\Views\\roomblocked\\view.php', 1012)
 2 SYSTEMPATH\View\View.php(228): include('C:\\xampp\\htdocs\\advaya\\elderscare\\app\\Views\\roomblocked\\view.php')
 3 SYSTEMPATH\View\View.php(231): CodeIgniter\View\View->CodeIgniter\View\{closure}()
 4 SYSTEMPATH\Common.php(1190): CodeIgniter\View\View->render('roomblocked/view', [], true)
 5 APPPATH\Controllers\RoomBlocked.php(77): view('roomblocked/view', [...])
 6 SYSTEMPATH\CodeIgniter.php(942): App\Controllers\RoomBlocked->view()
 7 SYSTEMPATH\CodeIgniter.php(502): CodeIgniter\CodeIgniter->runController(Object(App\Controllers\RoomBlocked))
 8 SYSTEMPATH\CodeIgniter.php(361): CodeIgniter\CodeIgniter->handleRequest(null, Object(Config\Cache), false)
 9 FCPATH\index.php(79): CodeIgniter\CodeIgniter->run()
CRITICAL - 2025-09-29 09:19:44 --> Undefined variable $blockedRoom
in APPPATH\Views\roomblocked\view.php on line 1034.
 1 APPPATH\Views\roomblocked\view.php(1034): CodeIgniter\Debug\Exceptions->errorHandler(2, 'Undefined variable $blockedRoom', 'C:\\xampp\\htdocs\\advaya\\elderscare\\app\\Views\\roomblocked\\view.php', 1034)
 2 SYSTEMPATH\View\View.php(228): include('C:\\xampp\\htdocs\\advaya\\elderscare\\app\\Views\\roomblocked\\view.php')
 3 SYSTEMPATH\View\View.php(231): CodeIgniter\View\View->CodeIgniter\View\{closure}()
 4 SYSTEMPATH\Common.php(1190): CodeIgniter\View\View->render('roomblocked/view', [], true)
 5 APPPATH\Controllers\RoomBlocked.php(77): view('roomblocked/view', [...])
 6 SYSTEMPATH\CodeIgniter.php(942): App\Controllers\RoomBlocked->view()
 7 SYSTEMPATH\CodeIgniter.php(502): CodeIgniter\CodeIgniter->runController(Object(App\Controllers\RoomBlocked))
 8 SYSTEMPATH\CodeIgniter.php(361): CodeIgniter\CodeIgniter->handleRequest(null, Object(Config\Cache), false)
 9 FCPATH\index.php(79): CodeIgniter\CodeIgniter->run()
=======
ERROR - 2025-09-29 06:52:00 --> Error connecting to the database: mysqli_sql_exception: No connection could be made because the target machine actively refused it in C:\xampp1\htdocs\advaya\elderscare\system\Database\MySQLi\Connection.php:184
Stack trace:
#0 C:\xampp1\htdocs\advaya\elderscare\system\Database\MySQLi\Connection.php(184): mysqli->real_connect('localhost', 'root', Object(SensitiveParameterValue), 'elders_care', 3307, '', 0)
#1 C:\xampp1\htdocs\advaya\elderscare\system\Database\BaseConnection.php(392): CodeIgniter\Database\MySQLi\Connection->connect(false)
#2 C:\xampp1\htdocs\advaya\elderscare\system\Database\BaseConnection.php(575): CodeIgniter\Database\BaseConnection->initialize()
#3 C:\xampp1\htdocs\advaya\elderscare\system\Database\BaseBuilder.php(1615): CodeIgniter\Database\BaseConnection->query('SELECT *\nFROM `...', Array, false)
#4 C:\xampp1\htdocs\advaya\elderscare\system\Model.php(871): CodeIgniter\Database\BaseBuilder->get()
#5 C:\xampp1\htdocs\advaya\elderscare\app\Models\EnquiryModel.php(81): CodeIgniter\Model->__call('get', Array)
#6 C:\xampp1\htdocs\advaya\elderscare\app\Controllers\UserInfo.php(101): App\Models\EnquiryModel->getRecentEnquiries()
#7 C:\xampp1\htdocs\advaya\elderscare\system\CodeIgniter.php(942): App\Controllers\UserInfo->dashboard()
#8 C:\xampp1\htdocs\advaya\elderscare\system\CodeIgniter.php(502): CodeIgniter\CodeIgniter->runController(Object(App\Controllers\UserInfo))
#9 C:\xampp1\htdocs\advaya\elderscare\system\CodeIgniter.php(361): CodeIgniter\CodeIgniter->handleRequest(NULL, Object(Config\Cache), false)
#10 C:\xampp1\htdocs\advaya\elderscare\index.php(79): CodeIgniter\CodeIgniter->run()
#11 {main}

Next CodeIgniter\Database\Exceptions\DatabaseException: No connection could be made because the target machine actively refused it in C:\xampp1\htdocs\advaya\elderscare\system\Database\MySQLi\Connection.php:229
Stack trace:
#0 C:\xampp1\htdocs\advaya\elderscare\system\Database\BaseConnection.php(392): CodeIgniter\Database\MySQLi\Connection->connect(false)
#1 C:\xampp1\htdocs\advaya\elderscare\system\Database\BaseConnection.php(575): CodeIgniter\Database\BaseConnection->initialize()
#2 C:\xampp1\htdocs\advaya\elderscare\system\Database\BaseBuilder.php(1615): CodeIgniter\Database\BaseConnection->query('SELECT *\nFROM `...', Array, false)
#3 C:\xampp1\htdocs\advaya\elderscare\system\Model.php(871): CodeIgniter\Database\BaseBuilder->get()
#4 C:\xampp1\htdocs\advaya\elderscare\app\Models\EnquiryModel.php(81): CodeIgniter\Model->__call('get', Array)
#5 C:\xampp1\htdocs\advaya\elderscare\app\Controllers\UserInfo.php(101): App\Models\EnquiryModel->getRecentEnquiries()
#6 C:\xampp1\htdocs\advaya\elderscare\system\CodeIgniter.php(942): App\Controllers\UserInfo->dashboard()
#7 C:\xampp1\htdocs\advaya\elderscare\system\CodeIgniter.php(502): CodeIgniter\CodeIgniter->runController(Object(App\Controllers\UserInfo))
#8 C:\xampp1\htdocs\advaya\elderscare\system\CodeIgniter.php(361): CodeIgniter\CodeIgniter->handleRequest(NULL, Object(Config\Cache), false)
#9 C:\xampp1\htdocs\advaya\elderscare\index.php(79): CodeIgniter\CodeIgniter->run()
#10 {main}
CRITICAL - 2025-09-29 06:52:00 --> Unable to connect to the database.
Main connection [MySQLi]: No connection could be made because the target machine actively refused it
in SYSTEMPATH\Database\BaseConnection.php on line 428.
 1 SYSTEMPATH\Database\BaseConnection.php(575): CodeIgniter\Database\BaseConnection->initialize()
 2 SYSTEMPATH\Database\BaseBuilder.php(1615): CodeIgniter\Database\BaseConnection->query('SELECT *
FROM `enquiries`
WHERE `deleted_on` IS NULL
AND MONTH(created_on) = :MONTH(created_on):
AND YEAR(created_on) = :YEAR(created_on):
ORDER BY `created_on` DESC
 LIMIT 5', [...], false)
 3 SYSTEMPATH\Model.php(871): CodeIgniter\Database\BaseBuilder->get()
 4 APPPATH\Models\EnquiryModel.php(81): CodeIgniter\Model->__call('get', [])
 5 APPPATH\Controllers\UserInfo.php(101): App\Models\EnquiryModel->getRecentEnquiries()
 6 SYSTEMPATH\CodeIgniter.php(942): App\Controllers\UserInfo->dashboard()
 7 SYSTEMPATH\CodeIgniter.php(502): CodeIgniter\CodeIgniter->runController(Object(App\Controllers\UserInfo))
 8 SYSTEMPATH\CodeIgniter.php(361): CodeIgniter\CodeIgniter->handleRequest(null, Object(Config\Cache), false)
 9 FCPATH\index.php(79): CodeIgniter\CodeIgniter->run()
CRITICAL - 2025-09-29 08:59:55 --> count(): Argument #1 ($value) must be of type Countable|array, null given
in APPPATH\Views\advancebooking\create.php on line 678.
 1 SYSTEMPATH\View\View.php(228): include()
 2 SYSTEMPATH\View\View.php(231): CodeIgniter\View\View->CodeIgniter\View\{closure}()
 3 SYSTEMPATH\Common.php(1190): CodeIgniter\View\View->render('advancebooking/create', [], true)
 4 APPPATH\Controllers\AdvBooking.php(161): view('advancebooking/create', [...])
 5 SYSTEMPATH\CodeIgniter.php(942): App\Controllers\AdvBooking->index()
 6 SYSTEMPATH\CodeIgniter.php(502): CodeIgniter\CodeIgniter->runController(Object(App\Controllers\AdvBooking))
 7 SYSTEMPATH\CodeIgniter.php(361): CodeIgniter\CodeIgniter->handleRequest(null, Object(Config\Cache), false)
 8 FCPATH\index.php(79): CodeIgniter\CodeIgniter->run()
CRITICAL - 2025-09-29 09:02:01 --> count(): Argument #1 ($value) must be of type Countable|array, null given
in APPPATH\Views\advancebooking\edit.php on line 558.
 1 SYSTEMPATH\View\View.php(228): include()
 2 SYSTEMPATH\View\View.php(231): CodeIgniter\View\View->CodeIgniter\View\{closure}()
 3 SYSTEMPATH\Common.php(1190): CodeIgniter\View\View->render('advancebooking/edit', [], true)
 4 APPPATH\Controllers\AdvBooking.php(580): view('advancebooking/edit', [...])
 5 SYSTEMPATH\CodeIgniter.php(942): App\Controllers\AdvBooking->edit('12')
 6 SYSTEMPATH\CodeIgniter.php(502): CodeIgniter\CodeIgniter->runController(Object(App\Controllers\AdvBooking))
 7 SYSTEMPATH\CodeIgniter.php(361): CodeIgniter\CodeIgniter->handleRequest(null, Object(Config\Cache), false)
 8 FCPATH\index.php(79): CodeIgniter\CodeIgniter->run()
CRITICAL - 2025-09-29 09:05:48 --> count(): Argument #1 ($value) must be of type Countable|array, null given
in APPPATH\Views\activity\create.php on line 656.
 1 SYSTEMPATH\View\View.php(228): include()
 2 SYSTEMPATH\View\View.php(231): CodeIgniter\View\View->CodeIgniter\View\{closure}()
 3 SYSTEMPATH\Common.php(1190): CodeIgniter\View\View->render('activity/create', [], true)
 4 APPPATH\Controllers\Activity.php(69): view('activity/create', [...])
 5 SYSTEMPATH\CodeIgniter.php(942): App\Controllers\Activity->index()
 6 SYSTEMPATH\CodeIgniter.php(502): CodeIgniter\CodeIgniter->runController(Object(App\Controllers\Activity))
 7 SYSTEMPATH\CodeIgniter.php(361): CodeIgniter\CodeIgniter->handleRequest(null, Object(Config\Cache), false)
 8 FCPATH\index.php(79): CodeIgniter\CodeIgniter->run()
CRITICAL - 2025-09-29 09:06:07 --> count(): Argument #1 ($value) must be of type Countable|array, null given
in APPPATH\Views\activity\create.php on line 656.
 1 SYSTEMPATH\View\View.php(228): include()
 2 SYSTEMPATH\View\View.php(231): CodeIgniter\View\View->CodeIgniter\View\{closure}()
 3 SYSTEMPATH\Common.php(1190): CodeIgniter\View\View->render('activity/create', [], true)
 4 APPPATH\Controllers\Activity.php(69): view('activity/create', [...])
 5 SYSTEMPATH\CodeIgniter.php(942): App\Controllers\Activity->index()
 6 SYSTEMPATH\CodeIgniter.php(502): CodeIgniter\CodeIgniter->runController(Object(App\Controllers\Activity))
 7 SYSTEMPATH\CodeIgniter.php(361): CodeIgniter\CodeIgniter->handleRequest(null, Object(Config\Cache), false)
 8 FCPATH\index.php(79): CodeIgniter\CodeIgniter->run()
>>>>>>> nirosh
