CRITICAL - 2025-10-03 09:32:11 --> Undefined variable $roomBlockedMap
in APPPATH\Views\roomstatus\roomstatus.php on line 754.
 1 APPPATH\Views\roomstatus\roomstatus.php(754): CodeIgniter\Debug\Exceptions->errorHandler(2, 'Undefined variable $roomBlockedMap', 'C:\\xampp\\htdocs\\advaya\\elderscare\\app\\Views\\roomstatus\\roomstatus.php', 754)
 2 SYSTEMPATH\View\View.php(228): include('C:\\xampp\\htdocs\\advaya\\elderscare\\app\\Views\\roomstatus\\roomstatus.php')
 3 SYSTEMPATH\View\View.php(231): CodeIgniter\View\View->CodeIgniter\View\{closure}()
 4 SYSTEMPATH\Common.php(1190): CodeIgniter\View\View->render('roomstatus/roomstatus', [], true)
 5 APPPATH\Controllers\Rooms.php(195): view('roomstatus/roomstatus', [...])
 6 SYSTEMPATH\CodeIgniter.php(942): App\Controllers\Rooms->roomstatus()
 7 SYSTEMPATH\CodeIgniter.php(502): CodeIgniter\CodeIgniter->runController(Object(App\Controllers\Rooms))
 8 SYSTEMPATH\CodeIgniter.php(361): CodeIgniter\CodeIgniter->handleRequest(null, Object(Config\Cache), false)
 9 FCPATH\index.php(79): CodeIgniter\CodeIgniter->run()
CRITICAL - 2025-10-03 09:33:25 --> Undefined variable $roomBlockedMap
in APPPATH\Views\roomstatus\roomstatus.php on line 754.
 1 APPPATH\Views\roomstatus\roomstatus.php(754): CodeIgniter\Debug\Exceptions->errorHandler(2, 'Undefined variable $roomBlockedMap', 'C:\\xampp\\htdocs\\advaya\\elderscare\\app\\Views\\roomstatus\\roomstatus.php', 754)
 2 SYSTEMPATH\View\View.php(228): include('C:\\xampp\\htdocs\\advaya\\elderscare\\app\\Views\\roomstatus\\roomstatus.php')
 3 SYSTEMPATH\View\View.php(231): CodeIgniter\View\View->CodeIgniter\View\{closure}()
 4 SYSTEMPATH\Common.php(1190): CodeIgniter\View\View->render('roomstatus/roomstatus', [], true)
 5 APPPATH\Controllers\Rooms.php(195): view('roomstatus/roomstatus', [...])
 6 SYSTEMPATH\CodeIgniter.php(942): App\Controllers\Rooms->roomstatus()
 7 SYSTEMPATH\CodeIgniter.php(502): CodeIgniter\CodeIgniter->runController(Object(App\Controllers\Rooms))
 8 SYSTEMPATH\CodeIgniter.php(361): CodeIgniter\CodeIgniter->handleRequest(null, Object(Config\Cache), false)
 9 FCPATH\index.php(79): CodeIgniter\CodeIgniter->run()
CRITICAL - 2025-10-03 09:33:27 --> Undefined variable $roomBlockedMap
in APPPATH\Views\roomstatus\roomstatus.php on line 754.
 1 APPPATH\Views\roomstatus\roomstatus.php(754): CodeIgniter\Debug\Exceptions->errorHandler(2, 'Undefined variable $roomBlockedMap', 'C:\\xampp\\htdocs\\advaya\\elderscare\\app\\Views\\roomstatus\\roomstatus.php', 754)
 2 SYSTEMPATH\View\View.php(228): include('C:\\xampp\\htdocs\\advaya\\elderscare\\app\\Views\\roomstatus\\roomstatus.php')
 3 SYSTEMPATH\View\View.php(231): CodeIgniter\View\View->CodeIgniter\View\{closure}()
 4 SYSTEMPATH\Common.php(1190): CodeIgniter\View\View->render('roomstatus/roomstatus', [], true)
 5 APPPATH\Controllers\Rooms.php(195): view('roomstatus/roomstatus', [...])
 6 SYSTEMPATH\CodeIgniter.php(942): App\Controllers\Rooms->roomstatus()
 7 SYSTEMPATH\CodeIgniter.php(502): CodeIgniter\CodeIgniter->runController(Object(App\Controllers\Rooms))
 8 SYSTEMPATH\CodeIgniter.php(361): CodeIgniter\CodeIgniter->handleRequest(null, Object(Config\Cache), false)
 9 FCPATH\index.php(79): CodeIgniter\CodeIgniter->run()
CRITICAL - 2025-10-03 09:38:39 --> Undefined variable $roomBlockedMap
in APPPATH\Views\roomstatus\roomstatus.php on line 754.
 1 APPPATH\Views\roomstatus\roomstatus.php(754): CodeIgniter\Debug\Exceptions->errorHandler(2, 'Undefined variable $roomBlockedMap', 'C:\\xampp\\htdocs\\advaya\\elderscare\\app\\Views\\roomstatus\\roomstatus.php', 754)
 2 SYSTEMPATH\View\View.php(228): include('C:\\xampp\\htdocs\\advaya\\elderscare\\app\\Views\\roomstatus\\roomstatus.php')
 3 SYSTEMPATH\View\View.php(231): CodeIgniter\View\View->CodeIgniter\View\{closure}()
 4 SYSTEMPATH\Common.php(1190): CodeIgniter\View\View->render('roomstatus/roomstatus', [], true)
 5 APPPATH\Controllers\Rooms.php(195): view('roomstatus/roomstatus', [...])
 6 SYSTEMPATH\CodeIgniter.php(942): App\Controllers\Rooms->roomstatus()
 7 SYSTEMPATH\CodeIgniter.php(502): CodeIgniter\CodeIgniter->runController(Object(App\Controllers\Rooms))
 8 SYSTEMPATH\CodeIgniter.php(361): CodeIgniter\CodeIgniter->handleRequest(null, Object(Config\Cache), false)
 9 FCPATH\index.php(79): CodeIgniter\CodeIgniter->run()
CRITICAL - 2025-10-03 09:38:42 --> Undefined variable $roomBlockedMap
in APPPATH\Views\roomstatus\roomstatus.php on line 754.
 1 APPPATH\Views\roomstatus\roomstatus.php(754): CodeIgniter\Debug\Exceptions->errorHandler(2, 'Undefined variable $roomBlockedMap', 'C:\\xampp\\htdocs\\advaya\\elderscare\\app\\Views\\roomstatus\\roomstatus.php', 754)
 2 SYSTEMPATH\View\View.php(228): include('C:\\xampp\\htdocs\\advaya\\elderscare\\app\\Views\\roomstatus\\roomstatus.php')
 3 SYSTEMPATH\View\View.php(231): CodeIgniter\View\View->CodeIgniter\View\{closure}()
 4 SYSTEMPATH\Common.php(1190): CodeIgniter\View\View->render('roomstatus/roomstatus', [], true)
 5 APPPATH\Controllers\Rooms.php(195): view('roomstatus/roomstatus', [...])
 6 SYSTEMPATH\CodeIgniter.php(942): App\Controllers\Rooms->roomstatus()
 7 SYSTEMPATH\CodeIgniter.php(502): CodeIgniter\CodeIgniter->runController(Object(App\Controllers\Rooms))
 8 SYSTEMPATH\CodeIgniter.php(361): CodeIgniter\CodeIgniter->handleRequest(null, Object(Config\Cache), false)
 9 FCPATH\index.php(79): CodeIgniter\CodeIgniter->run()
CRITICAL - 2025-10-03 09:40:04 --> Undefined variable $roomBlockedMap
in APPPATH\Views\roomstatus\roomstatus.php on line 754.
 1 APPPATH\Views\roomstatus\roomstatus.php(754): CodeIgniter\Debug\Exceptions->errorHandler(2, 'Undefined variable $roomBlockedMap', 'C:\\xampp\\htdocs\\advaya\\elderscare\\app\\Views\\roomstatus\\roomstatus.php', 754)
 2 SYSTEMPATH\View\View.php(228): include('C:\\xampp\\htdocs\\advaya\\elderscare\\app\\Views\\roomstatus\\roomstatus.php')
 3 SYSTEMPATH\View\View.php(231): CodeIgniter\View\View->CodeIgniter\View\{closure}()
 4 SYSTEMPATH\Common.php(1190): CodeIgniter\View\View->render('roomstatus/roomstatus', [], true)
 5 APPPATH\Controllers\Rooms.php(195): view('roomstatus/roomstatus', [...])
 6 SYSTEMPATH\CodeIgniter.php(942): App\Controllers\Rooms->roomstatus()
 7 SYSTEMPATH\CodeIgniter.php(502): CodeIgniter\CodeIgniter->runController(Object(App\Controllers\Rooms))
 8 SYSTEMPATH\CodeIgniter.php(361): CodeIgniter\CodeIgniter->handleRequest(null, Object(Config\Cache), false)
 9 FCPATH\index.php(79): CodeIgniter\CodeIgniter->run()
CRITICAL - 2025-10-03 09:40:05 --> Undefined variable $roomBlockedMap
in APPPATH\Views\roomstatus\roomstatus.php on line 754.
 1 APPPATH\Views\roomstatus\roomstatus.php(754): CodeIgniter\Debug\Exceptions->errorHandler(2, 'Undefined variable $roomBlockedMap', 'C:\\xampp\\htdocs\\advaya\\elderscare\\app\\Views\\roomstatus\\roomstatus.php', 754)
 2 SYSTEMPATH\View\View.php(228): include('C:\\xampp\\htdocs\\advaya\\elderscare\\app\\Views\\roomstatus\\roomstatus.php')
 3 SYSTEMPATH\View\View.php(231): CodeIgniter\View\View->CodeIgniter\View\{closure}()
 4 SYSTEMPATH\Common.php(1190): CodeIgniter\View\View->render('roomstatus/roomstatus', [], true)
 5 APPPATH\Controllers\Rooms.php(195): view('roomstatus/roomstatus', [...])
 6 SYSTEMPATH\CodeIgniter.php(942): App\Controllers\Rooms->roomstatus()
 7 SYSTEMPATH\CodeIgniter.php(502): CodeIgniter\CodeIgniter->runController(Object(App\Controllers\Rooms))
 8 SYSTEMPATH\CodeIgniter.php(361): CodeIgniter\CodeIgniter->handleRequest(null, Object(Config\Cache), false)
 9 FCPATH\index.php(79): CodeIgniter\CodeIgniter->run()
CRITICAL - 2025-10-03 09:40:06 --> Undefined variable $roomBlockedMap
in APPPATH\Views\roomstatus\roomstatus.php on line 754.
 1 APPPATH\Views\roomstatus\roomstatus.php(754): CodeIgniter\Debug\Exceptions->errorHandler(2, 'Undefined variable $roomBlockedMap', 'C:\\xampp\\htdocs\\advaya\\elderscare\\app\\Views\\roomstatus\\roomstatus.php', 754)
 2 SYSTEMPATH\View\View.php(228): include('C:\\xampp\\htdocs\\advaya\\elderscare\\app\\Views\\roomstatus\\roomstatus.php')
 3 SYSTEMPATH\View\View.php(231): CodeIgniter\View\View->CodeIgniter\View\{closure}()
 4 SYSTEMPATH\Common.php(1190): CodeIgniter\View\View->render('roomstatus/roomstatus', [], true)
 5 APPPATH\Controllers\Rooms.php(195): view('roomstatus/roomstatus', [...])
 6 SYSTEMPATH\CodeIgniter.php(942): App\Controllers\Rooms->roomstatus()
 7 SYSTEMPATH\CodeIgniter.php(502): CodeIgniter\CodeIgniter->runController(Object(App\Controllers\Rooms))
 8 SYSTEMPATH\CodeIgniter.php(361): CodeIgniter\CodeIgniter->handleRequest(null, Object(Config\Cache), false)
 9 FCPATH\index.php(79): CodeIgniter\CodeIgniter->run()
CRITICAL - 2025-10-03 09:42:20 --> Undefined variable $roomBlockedMap
in APPPATH\Views\roomstatus\roomstatus.php on line 754.
 1 APPPATH\Views\roomstatus\roomstatus.php(754): CodeIgniter\Debug\Exceptions->errorHandler(2, 'Undefined variable $roomBlockedMap', 'C:\\xampp\\htdocs\\advaya\\elderscare\\app\\Views\\roomstatus\\roomstatus.php', 754)
 2 SYSTEMPATH\View\View.php(228): include('C:\\xampp\\htdocs\\advaya\\elderscare\\app\\Views\\roomstatus\\roomstatus.php')
 3 SYSTEMPATH\View\View.php(231): CodeIgniter\View\View->CodeIgniter\View\{closure}()
 4 SYSTEMPATH\Common.php(1190): CodeIgniter\View\View->render('roomstatus/roomstatus', [], true)
 5 APPPATH\Controllers\Rooms.php(195): view('roomstatus/roomstatus', [...])
 6 SYSTEMPATH\CodeIgniter.php(942): App\Controllers\Rooms->roomstatus()
 7 SYSTEMPATH\CodeIgniter.php(502): CodeIgniter\CodeIgniter->runController(Object(App\Controllers\Rooms))
 8 SYSTEMPATH\CodeIgniter.php(361): CodeIgniter\CodeIgniter->handleRequest(null, Object(Config\Cache), false)
 9 FCPATH\index.php(79): CodeIgniter\CodeIgniter->run()
