ERROR - 2025-10-02 10:23:49 --> Error connecting to the database: mysqli_sql_exception: No connection could be made because the target machine actively refused it in C:\xampp\htdocs\advaya\elderscare\system\Database\MySQLi\Connection.php:184
Stack trace:
#0 C:\xampp\htdocs\advaya\elderscare\system\Database\MySQLi\Connection.php(184): mysqli->real_connect('localhost', 'root', Object(SensitiveParameterValue), 'elders_care', 3309, '', 0)
#1 C:\xampp\htdocs\advaya\elderscare\system\Database\BaseConnection.php(392): CodeIgniter\Database\MySQLi\Connection->connect(false)
#2 C:\xampp\htdocs\advaya\elderscare\system\Database\BaseConnection.php(575): CodeIgniter\Database\BaseConnection->initialize()
#3 C:\xampp\htdocs\advaya\elderscare\system\Database\BaseBuilder.php(1615): CodeIgniter\Database\BaseConnection->query('SELECT *\nFROM `...', Array, false)
#4 C:\xampp\htdocs\advaya\elderscare\system\Model.php(237): CodeIgniter\Database\BaseBuilder->get()
#5 C:\xampp\htdocs\advaya\elderscare\system\BaseModel.php(624): CodeIgniter\Model->doFindAll(0, 0)
#6 C:\xampp\htdocs\advaya\elderscare\app\Controllers\Rooms.php(158): CodeIgniter\BaseModel->findAll()
#7 C:\xampp\htdocs\advaya\elderscare\system\CodeIgniter.php(942): App\Controllers\Rooms->roomstatus()
#8 C:\xampp\htdocs\advaya\elderscare\system\CodeIgniter.php(502): CodeIgniter\CodeIgniter->runController(Object(App\Controllers\Rooms))
#9 C:\xampp\htdocs\advaya\elderscare\system\CodeIgniter.php(361): CodeIgniter\CodeIgniter->handleRequest(NULL, Object(Config\Cache), false)
#10 C:\xampp\htdocs\advaya\elderscare\index.php(79): CodeIgniter\CodeIgniter->run()
#11 {main}

Next CodeIgniter\Database\Exceptions\DatabaseException: No connection could be made because the target machine actively refused it in C:\xampp\htdocs\advaya\elderscare\system\Database\MySQLi\Connection.php:229
Stack trace:
#0 C:\xampp\htdocs\advaya\elderscare\system\Database\BaseConnection.php(392): CodeIgniter\Database\MySQLi\Connection->connect(false)
#1 C:\xampp\htdocs\advaya\elderscare\system\Database\BaseConnection.php(575): CodeIgniter\Database\BaseConnection->initialize()
#2 C:\xampp\htdocs\advaya\elderscare\system\Database\BaseBuilder.php(1615): CodeIgniter\Database\BaseConnection->query('SELECT *\nFROM `...', Array, false)
#3 C:\xampp\htdocs\advaya\elderscare\system\Model.php(237): CodeIgniter\Database\BaseBuilder->get()
#4 C:\xampp\htdocs\advaya\elderscare\system\BaseModel.php(624): CodeIgniter\Model->doFindAll(0, 0)
#5 C:\xampp\htdocs\advaya\elderscare\app\Controllers\Rooms.php(158): CodeIgniter\BaseModel->findAll()
#6 C:\xampp\htdocs\advaya\elderscare\system\CodeIgniter.php(942): App\Controllers\Rooms->roomstatus()
#7 C:\xampp\htdocs\advaya\elderscare\system\CodeIgniter.php(502): CodeIgniter\CodeIgniter->runController(Object(App\Controllers\Rooms))
#8 C:\xampp\htdocs\advaya\elderscare\system\CodeIgniter.php(361): CodeIgniter\CodeIgniter->handleRequest(NULL, Object(Config\Cache), false)
#9 C:\xampp\htdocs\advaya\elderscare\index.php(79): CodeIgniter\CodeIgniter->run()
#10 {main}
CRITICAL - 2025-10-02 10:23:49 --> Unable to connect to the database.
Main connection [MySQLi]: No connection could be made because the target machine actively refused it
in SYSTEMPATH\Database\BaseConnection.php on line 428.
 1 SYSTEMPATH\Database\BaseConnection.php(575): CodeIgniter\Database\BaseConnection->initialize()
 2 SYSTEMPATH\Database\BaseBuilder.php(1615): CodeIgniter\Database\BaseConnection->query('SELECT *
FROM `rooms`
WHERE `deleted_on` IS NULL', [], false)
 3 SYSTEMPATH\Model.php(237): CodeIgniter\Database\BaseBuilder->get()
 4 SYSTEMPATH\BaseModel.php(624): CodeIgniter\Model->doFindAll(0, 0)
 5 APPPATH\Controllers\Rooms.php(158): CodeIgniter\BaseModel->findAll()
 6 SYSTEMPATH\CodeIgniter.php(942): App\Controllers\Rooms->roomstatus()
 7 SYSTEMPATH\CodeIgniter.php(502): CodeIgniter\CodeIgniter->runController(Object(App\Controllers\Rooms))
 8 SYSTEMPATH\CodeIgniter.php(361): CodeIgniter\CodeIgniter->handleRequest(null, Object(Config\Cache), false)
 9 FCPATH\index.php(79): CodeIgniter\CodeIgniter->run()
CRITICAL - 2025-10-02 10:52:12 --> Undefined variable $logo
in APPPATH\Views\advancebooking\pdf_template.php on line 29.
 1 APPPATH\Views\advancebooking\pdf_template.php(29): CodeIgniter\Debug\Exceptions->errorHandler(2, 'Undefined variable $logo', 'C:\\xampp\\htdocs\\advaya\\elderscare\\app\\Views\\advancebooking\\pdf_template.php', 29)
 2 SYSTEMPATH\View\View.php(228): include('C:\\xampp\\htdocs\\advaya\\elderscare\\app\\Views\\advancebooking\\pdf_template.php')
 3 SYSTEMPATH\View\View.php(231): CodeIgniter\View\View->CodeIgniter\View\{closure}()
 4 SYSTEMPATH\Common.php(1190): CodeIgniter\View\View->render('advancebooking/pdf_template', [], true)
 5 APPPATH\Controllers\AdvBooking.php(212): view('advancebooking/pdf_template', [...])
 6 APPPATH\Controllers\AdvBooking.php(193): App\Controllers\AdvBooking->generatePdf(Object(App\Models\AdvanceBookingModel))
 7 SYSTEMPATH\CodeIgniter.php(942): App\Controllers\AdvBooking->view()
 8 SYSTEMPATH\CodeIgniter.php(502): CodeIgniter\CodeIgniter->runController(Object(App\Controllers\AdvBooking))
 9 SYSTEMPATH\CodeIgniter.php(361): CodeIgniter\CodeIgniter->handleRequest(null, Object(Config\Cache), false)
10 FCPATH\index.php(79): CodeIgniter\CodeIgniter->run()
