CRITICAL - 2025-10-06 11:16:41 --> Undefined variable $occupiedBookings
in APPPATH\Views\roomstatus\roomstatus.php on line 754.
 1 APPPATH\Views\roomstatus\roomstatus.php(754): CodeIgniter\Debug\Exceptions->errorHandler(2, 'Undefined variable $occupiedBookings', 'C:\\xampp\\htdocs\\advaya\\elderscare\\app\\Views\\roomstatus\\roomstatus.php', 754)
 2 SYSTEMPATH\View\View.php(228): include('C:\\xampp\\htdocs\\advaya\\elderscare\\app\\Views\\roomstatus\\roomstatus.php')
 3 SYSTEMPATH\View\View.php(231): CodeIgniter\View\View->CodeIgniter\View\{closure}()
 4 SYSTEMPATH\Common.php(1190): CodeIgniter\View\View->render('roomstatus/roomstatus', [], true)
 5 APPPATH\Controllers\Rooms.php(195): view('roomstatus/roomstatus', [...])
 6 SYSTEMPATH\CodeIgniter.php(942): App\Controllers\Rooms->roomstatus()
 7 SYSTEMPATH\CodeIgniter.php(502): CodeIgniter\CodeIgniter->runController(Object(App\Controllers\Rooms))
 8 SYSTEMPATH\CodeIgniter.php(361): CodeIgniter\CodeIgniter->handleRequest(null, Object(Config\Cache), false)
 9 FCPATH\index.php(79): CodeIgniter\CodeIgniter->run()
CRITICAL - 2025-10-06 11:22:14 --> Undefined variable $occupiedBookings
in APPPATH\Views\roomstatus\roomstatus.php on line 754.
 1 APPPATH\Views\roomstatus\roomstatus.php(754): CodeIgniter\Debug\Exceptions->errorHandler(2, 'Undefined variable $occupiedBookings', 'C:\\xampp\\htdocs\\advaya\\elderscare\\app\\Views\\roomstatus\\roomstatus.php', 754)
 2 SYSTEMPATH\View\View.php(228): include('C:\\xampp\\htdocs\\advaya\\elderscare\\app\\Views\\roomstatus\\roomstatus.php')
 3 SYSTEMPATH\View\View.php(231): CodeIgniter\View\View->CodeIgniter\View\{closure}()
 4 SYSTEMPATH\Common.php(1190): CodeIgniter\View\View->render('roomstatus/roomstatus', [], true)
 5 APPPATH\Controllers\Rooms.php(195): view('roomstatus/roomstatus', [...])
 6 SYSTEMPATH\CodeIgniter.php(942): App\Controllers\Rooms->roomstatus()
 7 SYSTEMPATH\CodeIgniter.php(502): CodeIgniter\CodeIgniter->runController(Object(App\Controllers\Rooms))
 8 SYSTEMPATH\CodeIgniter.php(361): CodeIgniter\CodeIgniter->handleRequest(null, Object(Config\Cache), false)
 9 FCPATH\index.php(79): CodeIgniter\CodeIgniter->run()
CRITICAL - 2025-10-06 11:22:16 --> Undefined variable $occupiedBookings
in APPPATH\Views\roomstatus\roomstatus.php on line 754.
 1 APPPATH\Views\roomstatus\roomstatus.php(754): CodeIgniter\Debug\Exceptions->errorHandler(2, 'Undefined variable $occupiedBookings', 'C:\\xampp\\htdocs\\advaya\\elderscare\\app\\Views\\roomstatus\\roomstatus.php', 754)
 2 SYSTEMPATH\View\View.php(228): include('C:\\xampp\\htdocs\\advaya\\elderscare\\app\\Views\\roomstatus\\roomstatus.php')
 3 SYSTEMPATH\View\View.php(231): CodeIgniter\View\View->CodeIgniter\View\{closure}()
 4 SYSTEMPATH\Common.php(1190): CodeIgniter\View\View->render('roomstatus/roomstatus', [], true)
 5 APPPATH\Controllers\Rooms.php(195): view('roomstatus/roomstatus', [...])
 6 SYSTEMPATH\CodeIgniter.php(942): App\Controllers\Rooms->roomstatus()
 7 SYSTEMPATH\CodeIgniter.php(502): CodeIgniter\CodeIgniter->runController(Object(App\Controllers\Rooms))
 8 SYSTEMPATH\CodeIgniter.php(361): CodeIgniter\CodeIgniter->handleRequest(null, Object(Config\Cache), false)
 9 FCPATH\index.php(79): CodeIgniter\CodeIgniter->run()
CRITICAL - 2025-10-06 11:22:18 --> Undefined variable $occupiedBookings
in APPPATH\Views\roomstatus\roomstatus.php on line 754.
 1 APPPATH\Views\roomstatus\roomstatus.php(754): CodeIgniter\Debug\Exceptions->errorHandler(2, 'Undefined variable $occupiedBookings', 'C:\\xampp\\htdocs\\advaya\\elderscare\\app\\Views\\roomstatus\\roomstatus.php', 754)
 2 SYSTEMPATH\View\View.php(228): include('C:\\xampp\\htdocs\\advaya\\elderscare\\app\\Views\\roomstatus\\roomstatus.php')
 3 SYSTEMPATH\View\View.php(231): CodeIgniter\View\View->CodeIgniter\View\{closure}()
 4 SYSTEMPATH\Common.php(1190): CodeIgniter\View\View->render('roomstatus/roomstatus', [], true)
 5 APPPATH\Controllers\Rooms.php(195): view('roomstatus/roomstatus', [...])
 6 SYSTEMPATH\CodeIgniter.php(942): App\Controllers\Rooms->roomstatus()
 7 SYSTEMPATH\CodeIgniter.php(502): CodeIgniter\CodeIgniter->runController(Object(App\Controllers\Rooms))
 8 SYSTEMPATH\CodeIgniter.php(361): CodeIgniter\CodeIgniter->handleRequest(null, Object(Config\Cache), false)
 9 FCPATH\index.php(79): CodeIgniter\CodeIgniter->run()
CRITICAL - 2025-10-06 11:23:03 --> Undefined variable $occupiedBookings
in APPPATH\Views\roomstatus\roomstatus.php on line 754.
 1 APPPATH\Views\roomstatus\roomstatus.php(754): CodeIgniter\Debug\Exceptions->errorHandler(2, 'Undefined variable $occupiedBookings', 'C:\\xampp\\htdocs\\advaya\\elderscare\\app\\Views\\roomstatus\\roomstatus.php', 754)
 2 SYSTEMPATH\View\View.php(228): include('C:\\xampp\\htdocs\\advaya\\elderscare\\app\\Views\\roomstatus\\roomstatus.php')
 3 SYSTEMPATH\View\View.php(231): CodeIgniter\View\View->CodeIgniter\View\{closure}()
 4 SYSTEMPATH\Common.php(1190): CodeIgniter\View\View->render('roomstatus/roomstatus', [], true)
 5 APPPATH\Controllers\Rooms.php(195): view('roomstatus/roomstatus', [...])
 6 SYSTEMPATH\CodeIgniter.php(942): App\Controllers\Rooms->roomstatus()
 7 SYSTEMPATH\CodeIgniter.php(502): CodeIgniter\CodeIgniter->runController(Object(App\Controllers\Rooms))
 8 SYSTEMPATH\CodeIgniter.php(361): CodeIgniter\CodeIgniter->handleRequest(null, Object(Config\Cache), false)
 9 FCPATH\index.php(79): CodeIgniter\CodeIgniter->run()
CRITICAL - 2025-10-06 12:21:32 --> Undefined variable $occupiedBookings
in APPPATH\Views\roomstatus\roomstatus.php on line 766.
 1 APPPATH\Views\roomstatus\roomstatus.php(766): CodeIgniter\Debug\Exceptions->errorHandler(2, 'Undefined variable $occupiedBookings', 'C:\\xampp\\htdocs\\advaya\\elderscare\\app\\Views\\roomstatus\\roomstatus.php', 766)
 2 SYSTEMPATH\View\View.php(228): include('C:\\xampp\\htdocs\\advaya\\elderscare\\app\\Views\\roomstatus\\roomstatus.php')
 3 SYSTEMPATH\View\View.php(231): CodeIgniter\View\View->CodeIgniter\View\{closure}()
 4 SYSTEMPATH\Common.php(1190): CodeIgniter\View\View->render('roomstatus/roomstatus', [], true)
 5 APPPATH\Controllers\Rooms.php(195): view('roomstatus/roomstatus', [...])
 6 SYSTEMPATH\CodeIgniter.php(942): App\Controllers\Rooms->roomstatus()
 7 SYSTEMPATH\CodeIgniter.php(502): CodeIgniter\CodeIgniter->runController(Object(App\Controllers\Rooms))
 8 SYSTEMPATH\CodeIgniter.php(361): CodeIgniter\CodeIgniter->handleRequest(null, Object(Config\Cache), false)
 9 FCPATH\index.php(79): CodeIgniter\CodeIgniter->run()
CRITICAL - 2025-10-06 12:21:48 --> Undefined variable $occupiedBookings
in APPPATH\Views\roomstatus\roomstatus.php on line 766.
 1 APPPATH\Views\roomstatus\roomstatus.php(766): CodeIgniter\Debug\Exceptions->errorHandler(2, 'Undefined variable $occupiedBookings', 'C:\\xampp\\htdocs\\advaya\\elderscare\\app\\Views\\roomstatus\\roomstatus.php', 766)
 2 SYSTEMPATH\View\View.php(228): include('C:\\xampp\\htdocs\\advaya\\elderscare\\app\\Views\\roomstatus\\roomstatus.php')
 3 SYSTEMPATH\View\View.php(231): CodeIgniter\View\View->CodeIgniter\View\{closure}()
 4 SYSTEMPATH\Common.php(1190): CodeIgniter\View\View->render('roomstatus/roomstatus', [], true)
 5 APPPATH\Controllers\Rooms.php(195): view('roomstatus/roomstatus', [...])
 6 SYSTEMPATH\CodeIgniter.php(942): App\Controllers\Rooms->roomstatus()
 7 SYSTEMPATH\CodeIgniter.php(502): CodeIgniter\CodeIgniter->runController(Object(App\Controllers\Rooms))
 8 SYSTEMPATH\CodeIgniter.php(361): CodeIgniter\CodeIgniter->handleRequest(null, Object(Config\Cache), false)
 9 FCPATH\index.php(79): CodeIgniter\CodeIgniter->run()
CRITICAL - 2025-10-06 12:21:51 --> Undefined variable $occupiedBookings
in APPPATH\Views\roomstatus\roomstatus.php on line 766.
 1 APPPATH\Views\roomstatus\roomstatus.php(766): CodeIgniter\Debug\Exceptions->errorHandler(2, 'Undefined variable $occupiedBookings', 'C:\\xampp\\htdocs\\advaya\\elderscare\\app\\Views\\roomstatus\\roomstatus.php', 766)
 2 SYSTEMPATH\View\View.php(228): include('C:\\xampp\\htdocs\\advaya\\elderscare\\app\\Views\\roomstatus\\roomstatus.php')
 3 SYSTEMPATH\View\View.php(231): CodeIgniter\View\View->CodeIgniter\View\{closure}()
 4 SYSTEMPATH\Common.php(1190): CodeIgniter\View\View->render('roomstatus/roomstatus', [], true)
 5 APPPATH\Controllers\Rooms.php(195): view('roomstatus/roomstatus', [...])
 6 SYSTEMPATH\CodeIgniter.php(942): App\Controllers\Rooms->roomstatus()
 7 SYSTEMPATH\CodeIgniter.php(502): CodeIgniter\CodeIgniter->runController(Object(App\Controllers\Rooms))
 8 SYSTEMPATH\CodeIgniter.php(361): CodeIgniter\CodeIgniter->handleRequest(null, Object(Config\Cache), false)
 9 FCPATH\index.php(79): CodeIgniter\CodeIgniter->run()
CRITICAL - 2025-10-06 12:21:51 --> Undefined variable $occupiedBookings
in APPPATH\Views\roomstatus\roomstatus.php on line 766.
 1 APPPATH\Views\roomstatus\roomstatus.php(766): CodeIgniter\Debug\Exceptions->errorHandler(2, 'Undefined variable $occupiedBookings', 'C:\\xampp\\htdocs\\advaya\\elderscare\\app\\Views\\roomstatus\\roomstatus.php', 766)
 2 SYSTEMPATH\View\View.php(228): include('C:\\xampp\\htdocs\\advaya\\elderscare\\app\\Views\\roomstatus\\roomstatus.php')
 3 SYSTEMPATH\View\View.php(231): CodeIgniter\View\View->CodeIgniter\View\{closure}()
 4 SYSTEMPATH\Common.php(1190): CodeIgniter\View\View->render('roomstatus/roomstatus', [], true)
 5 APPPATH\Controllers\Rooms.php(195): view('roomstatus/roomstatus', [...])
 6 SYSTEMPATH\CodeIgniter.php(942): App\Controllers\Rooms->roomstatus()
 7 SYSTEMPATH\CodeIgniter.php(502): CodeIgniter\CodeIgniter->runController(Object(App\Controllers\Rooms))
 8 SYSTEMPATH\CodeIgniter.php(361): CodeIgniter\CodeIgniter->handleRequest(null, Object(Config\Cache), false)
 9 FCPATH\index.php(79): CodeIgniter\CodeIgniter->run()
CRITICAL - 2025-10-06 12:22:09 --> Undefined variable $servicetype
in APPPATH\Views\roomstatus\roomstatus.php on line 767.
 1 APPPATH\Views\roomstatus\roomstatus.php(767): CodeIgniter\Debug\Exceptions->errorHandler(2, 'Undefined variable $servicetype', 'C:\\xampp\\htdocs\\advaya\\elderscare\\app\\Views\\roomstatus\\roomstatus.php', 767)
 2 SYSTEMPATH\View\View.php(228): include('C:\\xampp\\htdocs\\advaya\\elderscare\\app\\Views\\roomstatus\\roomstatus.php')
 3 SYSTEMPATH\View\View.php(231): CodeIgniter\View\View->CodeIgniter\View\{closure}()
 4 SYSTEMPATH\Common.php(1190): CodeIgniter\View\View->render('roomstatus/roomstatus', [], true)
 5 APPPATH\Controllers\Rooms.php(195): view('roomstatus/roomstatus', [...])
 6 SYSTEMPATH\CodeIgniter.php(942): App\Controllers\Rooms->roomstatus()
 7 SYSTEMPATH\CodeIgniter.php(502): CodeIgniter\CodeIgniter->runController(Object(App\Controllers\Rooms))
 8 SYSTEMPATH\CodeIgniter.php(361): CodeIgniter\CodeIgniter->handleRequest(null, Object(Config\Cache), false)
 9 FCPATH\index.php(79): CodeIgniter\CodeIgniter->run()
CRITICAL - 2025-10-06 12:25:50 --> Undefined variable $servicetype
in APPPATH\Views\roomstatus\roomstatus.php on line 767.
 1 APPPATH\Views\roomstatus\roomstatus.php(767): CodeIgniter\Debug\Exceptions->errorHandler(2, 'Undefined variable $servicetype', 'C:\\xampp\\htdocs\\advaya\\elderscare\\app\\Views\\roomstatus\\roomstatus.php', 767)
 2 SYSTEMPATH\View\View.php(228): include('C:\\xampp\\htdocs\\advaya\\elderscare\\app\\Views\\roomstatus\\roomstatus.php')
 3 SYSTEMPATH\View\View.php(231): CodeIgniter\View\View->CodeIgniter\View\{closure}()
 4 SYSTEMPATH\Common.php(1190): CodeIgniter\View\View->render('roomstatus/roomstatus', [], true)
 5 APPPATH\Controllers\Rooms.php(195): view('roomstatus/roomstatus', [...])
 6 SYSTEMPATH\CodeIgniter.php(942): App\Controllers\Rooms->roomstatus()
 7 SYSTEMPATH\CodeIgniter.php(502): CodeIgniter\CodeIgniter->runController(Object(App\Controllers\Rooms))
 8 SYSTEMPATH\CodeIgniter.php(361): CodeIgniter\CodeIgniter->handleRequest(null, Object(Config\Cache), false)
 9 FCPATH\index.php(79): CodeIgniter\CodeIgniter->run()
CRITICAL - 2025-10-06 12:25:51 --> Undefined variable $servicetype
in APPPATH\Views\roomstatus\roomstatus.php on line 767.
 1 APPPATH\Views\roomstatus\roomstatus.php(767): CodeIgniter\Debug\Exceptions->errorHandler(2, 'Undefined variable $servicetype', 'C:\\xampp\\htdocs\\advaya\\elderscare\\app\\Views\\roomstatus\\roomstatus.php', 767)
 2 SYSTEMPATH\View\View.php(228): include('C:\\xampp\\htdocs\\advaya\\elderscare\\app\\Views\\roomstatus\\roomstatus.php')
 3 SYSTEMPATH\View\View.php(231): CodeIgniter\View\View->CodeIgniter\View\{closure}()
 4 SYSTEMPATH\Common.php(1190): CodeIgniter\View\View->render('roomstatus/roomstatus', [], true)
 5 APPPATH\Controllers\Rooms.php(195): view('roomstatus/roomstatus', [...])
 6 SYSTEMPATH\CodeIgniter.php(942): App\Controllers\Rooms->roomstatus()
 7 SYSTEMPATH\CodeIgniter.php(502): CodeIgniter\CodeIgniter->runController(Object(App\Controllers\Rooms))
 8 SYSTEMPATH\CodeIgniter.php(361): CodeIgniter\CodeIgniter->handleRequest(null, Object(Config\Cache), false)
 9 FCPATH\index.php(79): CodeIgniter\CodeIgniter->run()
